  ----- Rules of a Relation -----
   TOT_T  NREC_T   REC_T  TUPLES      ID

   .000s   .000s   .000s       3    R2 rel
 ---------------------------------------------------------
   .000s   .000s   .000s       0    C2.1
   .000s   .000s   .000s       1    N2.4
   .000s   .000s   .000s       1    N2.2
   .000s   .000s   .000s       0    N2.1
   .000s   .000s   .000s       1    N2.3

Src locator:lrg_attr_id.dl [28:13-28:16]

    C2.1  rel(thisIsAnotherreallyLongAttributeNameWhichCanBecomeUnreadbleVeryQuicklyButIsNeededForTesting,m) :- rel(thisIsAnotherreallyLongAttributeNameWhichCanBecomeUnreadbleVeryQuicklyButIsNeededForTesting,_), rel(m,_), thisIsAnotherreallyLongAttributeNameWhichCanBecomeUnreadbleVeryQuicklyButIsNeededForTesting < m.
    N2.4  rel(x,y) :- first(x,y).
    N2.2  rel(0,2).
    N2.1  rel(0,1).
    N2.3  rel(1,2).

